Traceback (most recent call last):
  File "/usr/users/geoguessr_ia/badoul_fan/GeoGuesserIA/model/cnn/cnn_with_attention_module/resnet_cbam.py", line 615, in <module>
    model_trained = train_model(model, optimizer)
  File "/usr/users/geoguessr_ia/badoul_fan/GeoGuesserIA/model/cnn/cnn_with_attention_module/resnet_cbam.py", line 564, in train_model
    for inputs, labels_country, labels_gps in dataloader[phase]:
  File "/usr/users/geoguessr_ia/badoul_fan/.conda/envs/geoguesseriassh/lib/python3.9/site-packages/torch/utils/data/dataloader.py", line 628, in __next__
    data = self._next_data()
  File "/usr/users/geoguessr_ia/badoul_fan/.conda/envs/geoguesseriassh/lib/python3.9/site-packages/torch/utils/data/dataloader.py", line 1333, in _next_data
    return self._process_data(data)
  File "/usr/users/geoguessr_ia/badoul_fan/.conda/envs/geoguesseriassh/lib/python3.9/site-packages/torch/utils/data/dataloader.py", line 1359, in _process_data
    data.reraise()
  File "/usr/users/geoguessr_ia/badoul_fan/.conda/envs/geoguesseriassh/lib/python3.9/site-packages/torch/_utils.py", line 543, in reraise
    raise exception
FileNotFoundError: Caught FileNotFoundError in DataLoader worker process 2.
Original Traceback (most recent call last):
  File "/usr/users/geoguessr_ia/badoul_fan/.conda/envs/geoguesseriassh/lib/python3.9/site-packages/torch/utils/data/_utils/worker.py", line 302, in _worker_loop
    data = fetcher.fetch(index)
  File "/usr/users/geoguessr_ia/badoul_fan/.conda/envs/geoguesseriassh/lib/python3.9/site-packages/torch/utils/data/_utils/fetch.py", line 58, in fetch
    data = [self.dataset[idx] for idx in possibly_batched_index]
  File "/usr/users/geoguessr_ia/badoul_fan/.conda/envs/geoguesseriassh/lib/python3.9/site-packages/torch/utils/data/_utils/fetch.py", line 58, in <listcomp>
    data = [self.dataset[idx] for idx in possibly_batched_index]
  File "/usr/users/geoguessr_ia/badoul_fan/.conda/envs/geoguesseriassh/lib/python3.9/site-packages/torch/utils/data/dataset.py", line 295, in __getitem__
    return self.dataset[self.indices[idx]]
  File "/usr/users/geoguessr_ia/badoul_fan/GeoGuesserIA/model/cnn/cnn_with_attention_module/resnet_cbam.py", line 396, in __getitem__
    img = Image.open(self.image_index[img_id])
  File "/usr/users/geoguessr_ia/badoul_fan/.local/lib/python3.9/site-packages/PIL/Image.py", line 3513, in open
    fp = builtins.open(filename, "rb")
FileNotFoundError: [Errno 2] No such file or directory: '/usr/users/geoguessr_ia/badoul_fan/GeoGuesserIA/dataset_OSV5M/datasets/osv5m/images/rest_images/47/977586296389547.jpg'

