Chargement du CSV...
Lignes chargées : 3394684

Calcul k-means, 1000 cellules sur 3394684 points...
Init 1/10 with method k-means++
Inertia for init 1/10: 14695.822265625
Init 2/10 with method k-means++
Inertia for init 2/10: 14703.861328125
Init 3/10 with method k-means++
Inertia for init 3/10: 16907.849609375
Init 4/10 with method k-means++
Inertia for init 4/10: 14776.82421875
Init 5/10 with method k-means++
Inertia for init 5/10: 14708.0703125
Init 6/10 with method k-means++
Inertia for init 6/10: 15665.7265625
Init 7/10 with method k-means++
Inertia for init 7/10: 24763.455078125
Init 8/10 with method k-means++
Inertia for init 8/10: 16117.5439453125
Init 9/10 with method k-means++
Inertia for init 9/10: 14798.267578125
Init 10/10 with method k-means++
Inertia for init 10/10: 14796.6181640625
[MiniBatchKMeans] Reassigning 69 cluster centers.
Minibatch step 1/101840: mean batch inertia: 0.483788720703125
Minibatch step 2/101840: mean batch inertia: 0.5714076171875, ewa inertia: 0.5714076171875
[MiniBatchKMeans] Reassigning 8 cluster centers.
Minibatch step 3/101840: mean batch inertia: 0.541769482421875, ewa inertia: 0.5712330022540636
Minibatch step 4/101840: mean batch inertia: 0.51595595703125, ewa inertia: 0.5709073340685158
Minibatch step 5/101840: mean batch inertia: 0.696142431640625, ewa inertia: 0.5716451645156537
Minibatch step 6/101840: mean batch inertia: 0.8919615234375, ewa inertia: 0.5735323284729684
Minibatch step 7/101840: mean batch inertia: 0.57972080078125, ewa inertia: 0.5735687882464572
Minibatch step 8/101840: mean batch inertia: 0.5757412109375, ewa inertia: 0.5735815872112568
Minibatch step 9/101840: mean batch inertia: 0.705420703125, ewa inertia: 0.5743583256474519
Minibatch step 10/101840: mean batch inertia: 1.0817609375, ewa inertia: 0.5773477200204353
[MiniBatchKMeans] Reassigning 1 cluster centers.
Minibatch step 11/101840: mean batch inertia: 0.463560888671875, ewa inertia: 0.5766773377531642
Minibatch step 12/101840: mean batch inertia: 0.620127587890625, ewa inertia: 0.5769333276322691
[MiniBatchKMeans] Reassigning 1 cluster centers.
Minibatch step 13/101840: mean batch inertia: 0.65495322265625, ewa inertia: 0.5773929867465845
Minibatch step 14/101840: mean batch inertia: 0.618588232421875, ewa inertia: 0.5776356911251956
Converged (lack of improvement in inertia) at step 14/101840

K-means terminé.
Inertie finale : 1795432.62

Images par cellule, min: 68  max: 14939  moyenne: 3394.7  médiane: 2808.5

Calcul des moyennes GPS réelles par cellule...
Écart moyen centroïde vs moyenne GPS : 0.1181°
Écart max                            : 15.2990°
