
A module that was compiled using NumPy 1.x cannot be run in
NumPy 2.0.2 as it may crash. To support both 1.x and 2.x
versions of NumPy, modules must be compiled with NumPy 2.0.
Some module may need to rebuild instead e.g. with 'pybind11>=2.12'.

If you are a user of the module, the easiest solution will be to
downgrade to 'numpy<2' or try to upgrade the affected module.
We expect that some modules will need time to support NumPy 2.

Traceback (most recent call last):  File "/usr/users/geoguessr_ia/badoul_fan/GeoGuesserIA/visualisation/gradcam.py", line 31, in <module>
    from resnet_cbam import GeoGussrAttentionMultiTask, val_test_transform, device, test_dataset_final
  File "/usr/users/geoguessr_ia/badoul_fan/GeoGuesserIA/model/cnn/cnn_with_attention_module/resnet_cbam.py", line 250, in <module>
    from torchvision import datasets, models, transforms
  File "/usr/users/geoguessr_ia/badoul_fan/.conda/envs/geoguesseriassh/lib/python3.9/site-packages/torchvision/__init__.py", line 5, in <module>
    from torchvision import datasets, io, models, ops, transforms, utils
  File "/usr/users/geoguessr_ia/badoul_fan/.conda/envs/geoguesseriassh/lib/python3.9/site-packages/torchvision/models/__init__.py", line 17, in <module>
    from . import detection, optical_flow, quantization, segmentation, video
  File "/usr/users/geoguessr_ia/badoul_fan/.conda/envs/geoguesseriassh/lib/python3.9/site-packages/torchvision/models/detection/__init__.py", line 1, in <module>
    from .faster_rcnn import *
  File "/usr/users/geoguessr_ia/badoul_fan/.conda/envs/geoguesseriassh/lib/python3.9/site-packages/torchvision/models/detection/faster_rcnn.py", line 16, in <module>
    from .anchor_utils import AnchorGenerator
  File "/usr/users/geoguessr_ia/badoul_fan/.conda/envs/geoguesseriassh/lib/python3.9/site-packages/torchvision/models/detection/anchor_utils.py", line 10, in <module>
    class AnchorGenerator(nn.Module):
  File "/usr/users/geoguessr_ia/badoul_fan/.conda/envs/geoguesseriassh/lib/python3.9/site-packages/torchvision/models/detection/anchor_utils.py", line 63, in AnchorGenerator
    device: torch.device = torch.device("cpu"),
/usr/users/geoguessr_ia/badoul_fan/.conda/envs/geoguesseriassh/lib/python3.9/site-packages/torchvision/models/detection/anchor_utils.py:63: UserWarning: Failed to initialize NumPy: _ARRAY_API not found (Triggered internally at ../torch/csrc/utils/tensor_numpy.cpp:77.)
  device: torch.device = torch.device("cpu"),
Traceback (most recent call last):
  File "/usr/users/geoguessr_ia/badoul_fan/GeoGuesserIA/visualisation/gradcam.py", line 72, in <module>
    le = joblib.load("label_encoder.pkl")
  File "/usr/users/geoguessr_ia/badoul_fan/.local/lib/python3.9/site-packages/joblib/numpy_pickle.py", line 735, in load
    with open(filename, "rb") as f:
FileNotFoundError: [Errno 2] No such file or directory: 'label_encoder.pkl'
