Train : 39997 images
Test : 10000 images
Nombre total de classes : 124
Using device: cuda
Epoch 1/10
Train loss: 2.7208 | Train acc: 0.3454
Val   loss: 2.6595 | Val   acc: 0.3437
Epoch 2/10
Train loss: 2.1579 | Train acc: 0.4443
Val   loss: 2.1153 | Val   acc: 0.4540
Epoch 3/10
Train loss: 1.8632 | Train acc: 0.5009
Val   loss: 1.9925 | Val   acc: 0.4821
Epoch 4/10
Train loss: 1.6208 | Train acc: 0.5567
Val   loss: 1.8848 | Val   acc: 0.5051
Epoch 5/10
Train loss: 1.3692 | Train acc: 0.6135
Val   loss: 1.8743 | Val   acc: 0.5185
Epoch 6/10
Train loss: 1.1060 | Train acc: 0.6790
Val   loss: 1.9670 | Val   acc: 0.5235
Epoch 7/10
Train loss: 0.8304 | Train acc: 0.7450
Val   loss: 2.2600 | Val   acc: 0.5068
Epoch 8/10
Train loss: 0.6044 | Train acc: 0.8113
Val   loss: 2.4488 | Val   acc: 0.4985
Epoch 9/10
Train loss: 0.4437 | Train acc: 0.8579
Val   loss: 2.5269 | Val   acc: 0.5049
Epoch 10/10
Train loss: 0.3396 | Train acc: 0.8908
Val   loss: 2.8043 | Val   acc: 0.4943

Final Accuracy: 0.4943

Nombre de classes dans le test set: 106 sur 124

==================================================
Classification Report
==================================================
                          precision    recall  f1-score   support

                   Aland       0.00      0.00      0.00         3
                 Albania       0.00      0.00      0.00         3
          American Samoa       0.00      0.00      0.00         2
                 Andorra       0.00      0.00      0.00         3
               Argentina       0.59      0.27      0.37       136
               Australia       0.63      0.66      0.64       345
                 Austria       0.27      0.22      0.24        76
              Bangladesh       0.25      0.27      0.26        26
                 Belgium       0.11      0.08      0.09        51
                  Bhutan       0.00      0.00      0.00         6
                 Bolivia       0.22      0.08      0.11        26
                Botswana       0.58      0.60      0.59        25
                  Brazil       0.52      0.56      0.54       470
                Bulgaria       0.20      0.27      0.23        45
                Cambodia       0.10      0.33      0.16        24
                  Canada       0.35      0.18      0.24       302
                   Chile       0.37      0.28      0.32        68
                   China       0.00      0.00      0.00         2
                Colombia       0.05      0.12      0.07        49
              Costa Rica       0.00      0.00      0.00         2
                 Croatia       0.25      0.06      0.10        17
                 Curacao       0.00      0.00      0.00         1
                 Czechia       0.08      0.08      0.08        59
                 Denmark       0.04      0.05      0.04        37
      Dominican Republic       0.00      0.00      0.00         5
                 Ecuador       0.08      0.07      0.08        14
                   Egypt       0.50      0.50      0.50         2
                 Estonia       0.50      0.04      0.07        25
                Eswatini       0.38      0.23      0.29        13
                 Finland       0.88      0.36      0.51       213
                  France       0.52      0.34      0.41       687
                 Germany       0.67      0.69      0.68       134
                   Ghana       0.25      0.24      0.24        21
                  Greece       0.35      0.11      0.17        63
               Greenland       0.08      1.00      0.14         1
                    Guam       0.00      0.00      0.00         1
               Guatemala       0.00      0.00      0.00        21
               Hong Kong       0.17      0.18      0.17        17
                 Hungary       0.09      0.16      0.12        32
                 Iceland       1.00      0.07      0.13        14
                   India       0.19      0.31      0.23        29
               Indonesia       0.20      0.27      0.23        55
                    Iraq       0.00      0.00      0.00         2
                 Ireland       0.27      0.15      0.19        53
             Isle of Man       0.00      0.00      0.00         3
                  Israel       0.35      0.21      0.26        62
                   Italy       0.15      0.11      0.13       158
                   Japan       0.84      0.66      0.74       802
                  Jersey       0.00      0.00      0.00         2
                  Jordan       0.35      0.32      0.33        19
                   Kenya       0.07      0.24      0.10        25
              Kyrgyzstan       0.36      0.33      0.34        15
                    Laos       0.22      0.13      0.17        15
                  Latvia       0.07      0.04      0.05        26
                 Lebanon       0.00      0.00      0.00         4
                 Lesotho       0.15      0.60      0.24        10
               Lithuania       0.33      0.09      0.14        35
              Luxembourg       0.00      0.00      0.00         4
                   Macao       0.00      0.00      0.00         1
              Madagascar       0.00      0.00      0.00         5
                Malaysia       0.23      0.29      0.26        73
                   Malta       0.00      0.00      0.00         5
                  Mexico       0.29      0.20      0.23       179
                Mongolia       0.19      0.11      0.14        27
              Montenegro       0.00      0.00      0.00         8
             Netherlands       0.44      0.17      0.24       113
             New Zealand       0.35      0.19      0.25        93
                 Nigeria       0.15      0.62      0.24        24
         North Macedonia       0.06      0.20      0.10         5
Northern Mariana Islands       0.00      0.00      0.00         2
                  Norway       0.48      0.40      0.43       121
                Pakistan       0.00      0.00      0.00         5
               Palestine       0.00      0.00      0.00         8
                Paraguay       0.00      0.00      0.00         1
                    Peru       0.26      0.19      0.22        53
             Philippines       0.15      0.19      0.17        37
                  Poland       0.41      0.29      0.34       177
                Portugal       0.24      0.08      0.12        51
             Puerto Rico       0.00      0.00      0.00         7
                 Reunion       1.00      0.14      0.25         7
                 Romania       0.15      0.26      0.19        72
                  Russia       0.45      0.52      0.48       357
              San Marino       0.00      0.00      0.00         2
                 Senegal       0.31      1.00      0.47         8
                  Serbia       0.00      0.00      0.00        12
               Singapore       0.60      0.75      0.66       167
                Slovakia       0.00      0.00      0.00        24
                Slovenia       0.00      0.00      0.00        11
            South Africa       0.54      0.73      0.62       244
             South Korea       0.23      0.11      0.15        54
                   Spain       0.30      0.27      0.28       229
               Sri Lanka       0.08      0.16      0.11        19
                  Sweden       0.39      0.28      0.33       151
             Switzerland       0.33      0.44      0.38        32
                  Taiwan       0.24      0.28      0.26        98
                Thailand       0.35      0.31      0.33       181
                 Tunisia       0.62      0.44      0.52        18
                  Turkey       0.23      0.16      0.19        51
       US Virgin Islands       0.00      0.00      0.00         1
                  Uganda       0.00      0.00      0.00        11
                 Ukraine       0.03      0.06      0.04        16
    United Arab Emirates       0.08      0.18      0.11        11
          United Kingdom       0.53      0.53      0.53       509
           United States       0.64      0.84      0.72      2345
                 Uruguay       0.00      0.00      0.00        13
                 Vietnam       0.00      0.00      0.00         2

               micro avg       0.49      0.49      0.49     10000
               macro avg       0.23      0.21      0.19     10000
            weighted avg       0.50      0.49      0.48     10000


Modèle sauvegardé dans 'geoguesser_model.pth'
