Chargement des CSV…
  Train : 3,394,684 lignes  |  Test : 210,122 lignes
  Colonnes : ['id', 'latitude', 'longitude', 'thumb_original_url', 'country', 'sequence', 'captured_at', 'lon_bin', 'lat_bin', 'cell', 'region', 'sub-region', 'city', 'land_cover', 'road_index', 'drive_side', 'climate', 'soil', 'dist_sea', 'quadtree_10_5000', 'quadtree_10_25000', 'quadtree_10_1000', 'quadtree_10_50000', 'quadtree_10_12500', 'quadtree_10_500', 'quadtree_10_2500', 'unique_region', 'unique_sub-region', 'unique_city', 'unique_country', 'creator_username', 'creator_id', 'split']

============================================================
EDA OSV5M — RAPPORT
============================================================

Train : 3,394,684   Test : 210,122   Total : 3,394,684
Colonnes (33) : id, latitude, longitude, thumb_original_url, country, sequence, captured_at, lon_bin, lat_bin, cell, region, sub-region, city, land_cover, road_index, drive_side, climate, soil, dist_sea, quadtree_10_5000, quadtree_10_25000, quadtree_10_1000, quadtree_10_50000, quadtree_10_12500, quadtree_10_500, quadtree_10_2500, unique_region, unique_sub-region, unique_city, unique_country, creator_username, creator_id, split

── Valeurs manquantes (%) ──────────────────────────────────
  sub-region                      32.32%
  unique_sub-region               32.32%
  road_index                       2.30%
  unique_region                    0.49%
  region                           0.49%
  creator_id                       0.00%
  creator_username                 0.00%
  unique_city                      0.00%
  city                             0.00%

── Coordonnées GPS ─────────────────────────────────────────
  latitude: min=-54.8872  max=78.6559  mean=32.9390  std=25.3926
  longitude: min=-176.8113  max=178.7216  mean=-3.1196  std=74.9708

[WARN] folium non installé — pip install folium  →  carte ignorée
Histogrammes lat/lon…
KDE 2D…
Distribution pays (colonne : country)…

── Top 10 pays ─────────────────────────────────────────────
  US                                   845,549  (24.9%)
  DE                                   188,623  (5.6%)
  FR                                   167,637  (4.9%)
  RU                                   154,515  (4.6%)
  JP                                   145,540  (4.3%)
  AU                                   112,502  (3.3%)
  BR                                    97,297  (2.9%)
  GB                                    95,480  (2.8%)
  SE                                    91,444  (2.7%)
  IT                                    79,753  (2.3%)
Distribution continent (colonne : region)…
Plot valeurs manquantes…
Analyse des cellules k-means…

── Cellules k-means (1000) ──────────────────────────────────
  Images assignées    : 3,394,684
  Cellules vides      : 0
  Min / Max / Moyenne : 68 / 14939 / 3394.7
Calcul dispersion intra-cellule (sample 50k)…

── Dispersion intra-cellule (sample 50k) ──────────────────
  Médiane : 39.8 km
  Moyenne : 49.3 km
  P90     : 89.9 km
  P95     : 112.5 km
  Max     : 4179.4 km

============================================================
Tous les graphiques sont dans : eda_outputs_train/
============================================================

EDA terminée. Rapport : eda_outputs_train/eda_report.txt
Graphiques       : eda_outputs_train/
