/usr/users/geoguessr_ia/badoul_fan/.conda/envs/geoguesseriassh/lib/python3.9/site-packages/torchvision/models/_utils.py:208: UserWarning: The parameter 'pretrained' is deprecated since 0.13 and may be removed in the future, please use 'weights' instead.
  warnings.warn(
/usr/users/geoguessr_ia/badoul_fan/.conda/envs/geoguesseriassh/lib/python3.9/site-packages/torchvision/models/_utils.py:223: UserWarning: Arguments other than a weight enum or `None` for 'weights' are deprecated since 0.13 and may be removed in the future. The current behavior is equivalent to passing `weights=ResNet18_Weights.IMAGENET1K_V1`. You can also use `weights=ResNet18_Weights.DEFAULT` to get the most up-to-date weights.
  warnings.warn(msg)
/usr/users/geoguessr_ia/badoul_fan/.local/lib/python3.9/site-packages/torch/cuda/__init__.py:283: UserWarning: 
    Found GPU0 NVIDIA GeForce GTX 1080 which is of cuda capability 6.1.
    Minimum and Maximum cuda capability supported by this version of PyTorch is
    (7.0) - (12.0)
    
  warnings.warn(
/usr/users/geoguessr_ia/badoul_fan/.local/lib/python3.9/site-packages/torch/cuda/__init__.py:304: UserWarning: 
    Please install PyTorch with a following CUDA
    configurations:  12.6 following instructions at
    https://pytorch.org/get-started/locally/
    
  warnings.warn(matched_cuda_warn.format(matched_arches))
/usr/users/geoguessr_ia/badoul_fan/.local/lib/python3.9/site-packages/torch/cuda/__init__.py:326: UserWarning: 
NVIDIA GeForce GTX 1080 with CUDA capability sm_61 is not compatible with the current PyTorch installation.
The current PyTorch install supports CUDA capabilities sm_70 sm_75 sm_80 sm_86 sm_90 sm_100 sm_120.
If you want to use the NVIDIA GeForce GTX 1080 GPU with PyTorch, please check the instructions at https://pytorch.org/get-started/locally/

  warnings.warn(
Traceback (most recent call last):
  File "/usr/users/geoguessr_ia/badoul_fan/GeoGuesserIA/model/cnn/cnn.py", line 201, in <module>
    train_loss, train_acc = train(model, train_loader, optimizer, criterion, device)
  File "/usr/users/geoguessr_ia/badoul_fan/GeoGuesserIA/model/cnn/cnn.py", line 164, in train
    outputs = model(images)
  File "/usr/users/geoguessr_ia/badoul_fan/.local/lib/python3.9/site-packages/torch/nn/modules/module.py", line 1773, in _wrapped_call_impl
    return self._call_impl(*args, **kwargs)
  File "/usr/users/geoguessr_ia/badoul_fan/.local/lib/python3.9/site-packages/torch/nn/modules/module.py", line 1784, in _call_impl
    return forward_call(*args, **kwargs)
  File "/usr/users/geoguessr_ia/badoul_fan/.conda/envs/geoguesseriassh/lib/python3.9/site-packages/torchvision/models/resnet.py", line 285, in forward
    return self._forward_impl(x)
  File "/usr/users/geoguessr_ia/badoul_fan/.conda/envs/geoguesseriassh/lib/python3.9/site-packages/torchvision/models/resnet.py", line 269, in _forward_impl
    x = self.bn1(x)
  File "/usr/users/geoguessr_ia/badoul_fan/.local/lib/python3.9/site-packages/torch/nn/modules/module.py", line 1773, in _wrapped_call_impl
    return self._call_impl(*args, **kwargs)
  File "/usr/users/geoguessr_ia/badoul_fan/.local/lib/python3.9/site-packages/torch/nn/modules/module.py", line 1784, in _call_impl
    return forward_call(*args, **kwargs)
  File "/usr/users/geoguessr_ia/badoul_fan/.local/lib/python3.9/site-packages/torch/nn/modules/batchnorm.py", line 173, in forward
    self.num_batches_tracked.add_(1)  # type: ignore[has-type]
torch.AcceleratorError: CUDA error: no kernel image is available for execution on the device
CUDA kernel errors might be asynchronously reported at some other API call, so the stacktrace below might be incorrect.
For debugging consider passing CUDA_LAUNCH_BLOCKING=1
Compile with `TORCH_USE_CUDA_DSA` to enable device-side assertions.

