2026-04-09 10:39:28.020 Uncaught app execution
Traceback (most recent call last):
  File "/usr/users/geoguessr_ia/badoul_fan/.conda/envs/geoguesseriassh/lib/python3.9/site-packages/streamlit/runtime/scriptrunner/exec_code.py", line 128, in exec_func_with_error_handling
    result = func()
  File "/usr/users/geoguessr_ia/badoul_fan/.conda/envs/geoguesseriassh/lib/python3.9/site-packages/streamlit/runtime/scriptrunner/script_runner.py", line 669, in code_to_exec
    exec(code, module.__dict__)  # noqa: S102
  File "/usr/users/geoguessr_ia/badoul_fan/GeoGuesserIA/visualisation/streamlit_app.py", line 793, in <module>
    render_analyse_page()
  File "/usr/users/geoguessr_ia/badoul_fan/GeoGuesserIA/visualisation/page_analyse_streamlit.py", line 661, in render_analyse_page
    render_tsne(df)
  File "/usr/users/geoguessr_ia/badoul_fan/GeoGuesserIA/visualisation/page_analyse_streamlit.py", line 531, in render_tsne
    embedding = compute_tsne(features, perplexity=perplexity)
NameError: name 'compute_tsne' is not defined
2026-04-09 10:40:49.910 Uncaught app execution
Traceback (most recent call last):
  File "/usr/users/geoguessr_ia/badoul_fan/.conda/envs/geoguesseriassh/lib/python3.9/site-packages/streamlit/runtime/scriptrunner/exec_code.py", line 128, in exec_func_with_error_handling
    result = func()
  File "/usr/users/geoguessr_ia/badoul_fan/.conda/envs/geoguesseriassh/lib/python3.9/site-packages/streamlit/runtime/scriptrunner/script_runner.py", line 669, in code_to_exec
    exec(code, module.__dict__)  # noqa: S102
  File "/usr/users/geoguessr_ia/badoul_fan/GeoGuesserIA/visualisation/streamlit_app.py", line 793, in <module>
    render_analyse_page()
  File "/usr/users/geoguessr_ia/badoul_fan/GeoGuesserIA/visualisation/page_analyse_streamlit.py", line 661, in render_analyse_page
    render_tsne(df)
  File "/usr/users/geoguessr_ia/badoul_fan/GeoGuesserIA/visualisation/page_analyse_streamlit.py", line 531, in render_tsne
    embedding = compute_tsne_cached(features, perplexity=perplexity)
NameError: name 'compute_tsne' is not defined
slurmstepd: error: *** JOB 179193 ON tx13 CANCELLED AT 2026-04-09T10:41:37 ***
