2026-04-09 14:18:16.206 Uncaught app execution
Traceback (most recent call last):
  File "/usr/users/geoguessr_ia/badoul_fan/.conda/envs/geoguesseriassh/lib/python3.9/site-packages/streamlit/runtime/scriptrunner/exec_code.py", line 128, in exec_func_with_error_handling
    result = func()
  File "/usr/users/geoguessr_ia/badoul_fan/.conda/envs/geoguesseriassh/lib/python3.9/site-packages/streamlit/runtime/scriptrunner/script_runner.py", line 669, in code_to_exec
    exec(code, module.__dict__)  # noqa: S102
  File "/usr/users/geoguessr_ia/badoul_fan/GeoGuesserIA/visualisation/streamlit_app.py", line 250, in <module>
    tensor = preprocess(pil_img)
NameError: name 'preprocess' is not defined
2026-04-09 14:18:57.474 Uncaught app execution
Traceback (most recent call last):
  File "/usr/users/geoguessr_ia/badoul_fan/.conda/envs/geoguesseriassh/lib/python3.9/site-packages/streamlit/runtime/scriptrunner/exec_code.py", line 128, in exec_func_with_error_handling
    result = func()
  File "/usr/users/geoguessr_ia/badoul_fan/.conda/envs/geoguesseriassh/lib/python3.9/site-packages/streamlit/runtime/scriptrunner/script_runner.py", line 669, in code_to_exec
    exec(code, module.__dict__)  # noqa: S102
  File "/usr/users/geoguessr_ia/badoul_fan/GeoGuesserIA/visualisation/streamlit_app.py", line 250, in <module>
    tensor = preprocess(pil_img)
NameError: name 'preprocess' is not defined
2026-04-09 14:30:43.087 Uncaught app execution
Traceback (most recent call last):
  File "/usr/users/geoguessr_ia/badoul_fan/.conda/envs/geoguesseriassh/lib/python3.9/site-packages/streamlit/runtime/scriptrunner/exec_code.py", line 128, in exec_func_with_error_handling
    result = func()
  File "/usr/users/geoguessr_ia/badoul_fan/.conda/envs/geoguesseriassh/lib/python3.9/site-packages/streamlit/runtime/scriptrunner/script_runner.py", line 669, in code_to_exec
    exec(code, module.__dict__)  # noqa: S102
  File "/usr/users/geoguessr_ia/badoul_fan/GeoGuesserIA/visualisation/streamlit_app.py", line 250, in <module>
    tensor = preprocess(pil_img)
NameError: name 'preprocess' is not defined
slurmstepd: error: *** JOB 179443 ON tx00 CANCELLED AT 2026-04-09T15:21:08 ***
